This is pdfTeX, Version 3.141592653-2.6-1.40.25 (TeX Live 2023/Debian) (preloaded format=pdflatex 2024.11.18)  19 DEC 2024 20:29
entering extended mode
 restricted \write18 enabled.
 %&-line parsing enabled.
**InterfaceS88GleisboxRPiManual.tex
(./InterfaceS88GleisboxRPiManual.tex
LaTeX2e <2023-11-01> patch level 1
L3 programming layer <2024-01-22>
(/usr/share/texlive/texmf-dist/tex/latex/base/article.cls
Document Class: article 2023/05/17 v1.4n Standard LaTeX document class
(/usr/share/texlive/texmf-dist/tex/latex/base/size10.clo
File: size10.clo 2023/05/17 v1.4n Standard LaTeX file (size option)
)
\c@part=\count187
\c@section=\count188
\c@subsection=\count189
\c@subsubsection=\count190
\c@paragraph=\count191
\c@subparagraph=\count192
\c@figure=\count193
\c@table=\count194
\abovecaptionskip=\skip48
\belowcaptionskip=\skip49
\bibindent=\dimen140
)
(/usr/share/texlive/texmf-dist/tex/latex/base/inputenc.sty
Package: inputenc 2021/02/14 v1.3d Input encoding file
\inpenc@prehook=\toks17
\inpenc@posthook=\toks18
)
(/usr/share/texlive/texmf-dist/tex/latex/ragged2e/ragged2e.sty
Package: ragged2e 2023/06/22 v3.6 ragged2e Package
\CenteringLeftskip=\skip50
\RaggedLeftLeftskip=\skip51
\RaggedRightLeftskip=\skip52
\CenteringRightskip=\skip53
\RaggedLeftRightskip=\skip54
\RaggedRightRightskip=\skip55
\CenteringParfillskip=\skip56
\RaggedLeftParfillskip=\skip57
\RaggedRightParfillskip=\skip58
\JustifyingParfillskip=\skip59
\CenteringParindent=\skip60
\RaggedLeftParindent=\skip61
\RaggedRightParindent=\skip62
\JustifyingParindent=\skip63
)
(/usr/share/texlive/texmf-dist/tex/latex/graphics/graphicx.sty
Package: graphicx 2021/09/16 v1.2d Enhanced LaTeX Graphics (DPC,SPQR)

(/usr/share/texlive/texmf-dist/tex/latex/graphics/keyval.sty
Package: keyval 2022/05/29 v1.15 key=value parser (DPC)
\KV@toks@=\toks19
)
(/usr/share/texlive/texmf-dist/tex/latex/graphics/graphics.sty
Package: graphics 2022/03/10 v1.4e Standard LaTeX Graphics (DPC,SPQR)

(/usr/share/texlive/texmf-dist/tex/latex/graphics/trig.sty
Package: trig 2021/08/11 v1.11 sin cos tan (DPC)
)
(/usr/share/texlive/texmf-dist/tex/latex/graphics-cfg/graphics.cfg
File: graphics.cfg 2016/06/04 v1.11 sample graphics configuration
)
Package graphics Info: Driver file: pdftex.def on input line 107.

(/usr/share/texlive/texmf-dist/tex/latex/graphics-def/pdftex.def
File: pdftex.def 2022/09/22 v1.2b Graphics/color driver for pdftex
))
\Gin@req@height=\dimen141
\Gin@req@width=\dimen142
)
(/usr/share/texlive/texmf-dist/tex/latex/wrapfig/wrapfig.sty
\wrapoverhang=\dimen143
\WF@size=\dimen144
\c@WF@wrappedlines=\count195
\WF@box=\box51
\WF@everypar=\toks20
Package: wrapfig 2003/01/31  v 3.6
)
(/usr/share/texlive/texmf-dist/tex/latex/xcolor/xcolor.sty
Package: xcolor 2023/11/15 v3.01 LaTeX color extensions (UK)

(/usr/share/texlive/texmf-dist/tex/latex/graphics-cfg/color.cfg
File: color.cfg 2016/01/02 v1.6 sample color configuration
)
Package xcolor Info: Driver file: pdftex.def on input line 274.

(/usr/share/texlive/texmf-dist/tex/latex/graphics/mathcolor.ltx)
Package xcolor Info: Model `cmy' substituted by `cmy0' on input line 1350.
Package xcolor Info: Model `hsb' substituted by `rgb' on input line 1354.
Package xcolor Info: Model `RGB' extended on input line 1366.
Package xcolor Info: Model `HTML' substituted by `rgb' on input line 1368.
Package xcolor Info: Model `Hsb' substituted by `hsb' on input line 1369.
Package xcolor Info: Model `tHsb' substituted by `hsb' on input line 1370.
Package xcolor Info: Model `HSB' substituted by `hsb' on input line 1371.
Package xcolor Info: Model `Gray' substituted by `gray' on input line 1372.
Package xcolor Info: Model `wave' substituted by `hsb' on input line 1373.
)
(/usr/share/texlive/texmf-dist/tex/latex/colortbl/colortbl.sty
Package: colortbl 2022/06/20 v1.0f Color table columns (DPC)

(/usr/share/texlive/texmf-dist/tex/latex/tools/array.sty
Package: array 2023/10/16 v2.5g Tabular extension package (FMi)
\col@sep=\dimen145
\ar@mcellbox=\box52
\extrarowheight=\dimen146
\NC@list=\toks21
\extratabsurround=\skip64
\backup@length=\skip65
\ar@cellbox=\box53
)
\everycr=\toks22
\minrowclearance=\skip66
\rownum=\count196
)
(/usr/share/texlive/texmf-dist/tex/latex/hyperref/hyperref.sty
Package: hyperref 2024-01-20 v7.01h Hypertext links for LaTeX

(/usr/share/texlive/texmf-dist/tex/generic/iftex/iftex.sty
Package: iftex 2022/02/03 v1.0f TeX engine tests
)
(/usr/share/texlive/texmf-dist/tex/latex/kvsetkeys/kvsetkeys.sty
Package: kvsetkeys 2022-10-05 v1.19 Key value parser (HO)
)
(/usr/share/texlive/texmf-dist/tex/generic/kvdefinekeys/kvdefinekeys.sty
Package: kvdefinekeys 2019-12-19 v1.6 Define keys (HO)
)
(/usr/share/texlive/texmf-dist/tex/generic/pdfescape/pdfescape.sty
Package: pdfescape 2019/12/09 v1.15 Implements pdfTeX's escape features (HO)

(/usr/share/texlive/texmf-dist/tex/generic/ltxcmds/ltxcmds.sty
Package: ltxcmds 2023-12-04 v1.26 LaTeX kernel commands for general use (HO)
)
(/usr/share/texlive/texmf-dist/tex/generic/pdftexcmds/pdftexcmds.sty
Package: pdftexcmds 2020-06-27 v0.33 Utility functions of pdfTeX for LuaTeX (HO
)

(/usr/share/texlive/texmf-dist/tex/generic/infwarerr/infwarerr.sty
Package: infwarerr 2019/12/03 v1.5 Providing info/warning/error messages (HO)
)
Package pdftexcmds Info: \pdf@primitive is available.
Package pdftexcmds Info: \pdf@ifprimitive is available.
Package pdftexcmds Info: \pdfdraftmode found.
))
(/usr/share/texlive/texmf-dist/tex/latex/hycolor/hycolor.sty
Package: hycolor 2020-01-27 v1.10 Color options for hyperref/bookmark (HO)
)
(/usr/share/texlive/texmf-dist/tex/latex/auxhook/auxhook.sty
Package: auxhook 2019-12-17 v1.6 Hooks for auxiliary files (HO)
)
(/usr/share/texlive/texmf-dist/tex/latex/hyperref/nameref.sty
Package: nameref 2023-11-26 v2.56 Cross-referencing by name of section

(/usr/share/texlive/texmf-dist/tex/latex/refcount/refcount.sty
Package: refcount 2019/12/15 v3.6 Data extraction from label references (HO)
)
(/usr/share/texlive/texmf-dist/tex/generic/gettitlestring/gettitlestring.sty
Package: gettitlestring 2019/12/15 v1.6 Cleanup title references (HO)

(/usr/share/texlive/texmf-dist/tex/latex/kvoptions/kvoptions.sty
Package: kvoptions 2022-06-15 v3.15 Key value format for package options (HO)
))
\c@section@level=\count197
)
(/usr/share/texlive/texmf-dist/tex/latex/etoolbox/etoolbox.sty
Package: etoolbox 2020/10/05 v2.5k e-TeX tools for LaTeX (JAW)
\etb@tempcnta=\count198
)
\@linkdim=\dimen147
\Hy@linkcounter=\count199
\Hy@pagecounter=\count266

(/usr/share/texlive/texmf-dist/tex/latex/hyperref/pd1enc.def
File: pd1enc.def 2024-01-20 v7.01h Hyperref: PDFDocEncoding definition (HO)
Now handling font encoding PD1 ...
... no UTF-8 mapping file for font encoding PD1
)
(/usr/share/texlive/texmf-dist/tex/generic/intcalc/intcalc.sty
Package: intcalc 2019/12/15 v1.3 Expandable calculations with integers (HO)
)
\Hy@SavedSpaceFactor=\count267

(/usr/share/texlive/texmf-dist/tex/latex/hyperref/puenc.def
File: puenc.def 2024-01-20 v7.01h Hyperref: PDF Unicode definition (HO)
Now handling font encoding PU ...
... no UTF-8 mapping file for font encoding PU
)
Package hyperref Info: Hyper figures OFF on input line 4179.
Package hyperref Info: Link nesting OFF on input line 4184.
Package hyperref Info: Hyper index ON on input line 4187.
Package hyperref Info: Plain pages OFF on input line 4194.
Package hyperref Info: Backreferencing OFF on input line 4199.
Package hyperref Info: Implicit mode ON; LaTeX internals redefined.
Package hyperref Info: Bookmarks ON on input line 4446.
\c@Hy@tempcnt=\count268

(/usr/share/texlive/texmf-dist/tex/latex/url/url.sty
\Urlmuskip=\muskip16
Package: url 2013/09/16  ver 3.4  Verb mode for urls, etc.
)
LaTeX Info: Redefining \url on input line 4784.
\XeTeXLinkMargin=\dimen148

(/usr/share/texlive/texmf-dist/tex/generic/bitset/bitset.sty
Package: bitset 2019/12/09 v1.3 Handle bit-vector datatype (HO)

(/usr/share/texlive/texmf-dist/tex/generic/bigintcalc/bigintcalc.sty
Package: bigintcalc 2019/12/15 v1.5 Expandable calculations on big integers (HO
)
))
\Fld@menulength=\count269
\Field@Width=\dimen149
\Fld@charsize=\dimen150
Package hyperref Info: Hyper figures OFF on input line 6063.
Package hyperref Info: Link nesting OFF on input line 6068.
Package hyperref Info: Hyper index ON on input line 6071.
Package hyperref Info: backreferencing OFF on input line 6078.
Package hyperref Info: Link coloring OFF on input line 6083.
Package hyperref Info: Link coloring with OCG OFF on input line 6088.
Package hyperref Info: PDF/A mode OFF on input line 6093.

(/usr/share/texlive/texmf-dist/tex/latex/base/atbegshi-ltx.sty
Package: atbegshi-ltx 2021/01/10 v1.0c Emulation of the original atbegshi
package with kernel methods
)
\Hy@abspage=\count270
\c@Item=\count271
\c@Hfootnote=\count272
)
Package hyperref Info: Driver (autodetected): hpdftex.

(/usr/share/texlive/texmf-dist/tex/latex/hyperref/hpdftex.def
File: hpdftex.def 2024-01-20 v7.01h Hyperref driver for pdfTeX

(/usr/share/texlive/texmf-dist/tex/latex/base/atveryend-ltx.sty
Package: atveryend-ltx 2020/08/19 v1.0a Emulation of the original atveryend pac
kage
with kernel methods
)
\Fld@listcount=\count273
\c@bookmark@seq@number=\count274

(/usr/share/texlive/texmf-dist/tex/latex/rerunfilecheck/rerunfilecheck.sty
Package: rerunfilecheck 2022-07-10 v1.10 Rerun checks for auxiliary files (HO)

(/usr/share/texlive/texmf-dist/tex/generic/uniquecounter/uniquecounter.sty
Package: uniquecounter 2019/12/15 v1.4 Provide unlimited unique counter (HO)
)
Package uniquecounter Info: New unique counter `rerunfilecheck' on input line 2
85.
)
\Hy@SectionHShift=\skip67
)
(/usr/share/texlive/texmf-dist/tex/latex/comment/comment.sty
\CommentStream=\write3

Excluding comment 'comment')
Package hyperref Info: Option `colorlinks' set `true' on input line 17.

(/usr/share/texlive/texmf-dist/tex/latex/l3backend/l3backend-pdftex.def
File: l3backend-pdftex.def 2024-01-04 L3 backend support: PDF output (pdfTeX)
\l__color_backend_stack_int=\count275
\l__pdf_internal_box=\box54
)
(./InterfaceS88GleisboxRPiManual.aux)
\openout1 = `InterfaceS88GleisboxRPiManual.aux'.

LaTeX Font Info:    Checking defaults for OML/cmm/m/it on input line 25.
LaTeX Font Info:    ... okay on input line 25.
LaTeX Font Info:    Checking defaults for OMS/cmsy/m/n on input line 25.
LaTeX Font Info:    ... okay on input line 25.
LaTeX Font Info:    Checking defaults for OT1/cmr/m/n on input line 25.
LaTeX Font Info:    ... okay on input line 25.
LaTeX Font Info:    Checking defaults for T1/cmr/m/n on input line 25.
LaTeX Font Info:    ... okay on input line 25.
LaTeX Font Info:    Checking defaults for TS1/cmr/m/n on input line 25.
LaTeX Font Info:    ... okay on input line 25.
LaTeX Font Info:    Checking defaults for OMX/cmex/m/n on input line 25.
LaTeX Font Info:    ... okay on input line 25.
LaTeX Font Info:    Checking defaults for U/cmr/m/n on input line 25.
LaTeX Font Info:    ... okay on input line 25.
LaTeX Font Info:    Checking defaults for PD1/pdf/m/n on input line 25.
LaTeX Font Info:    ... okay on input line 25.
LaTeX Font Info:    Checking defaults for PU/pdf/m/n on input line 25.
LaTeX Font Info:    ... okay on input line 25.

(/usr/share/texlive/texmf-dist/tex/context/base/mkii/supp-pdf.mkii
[Loading MPS to PDF converter (version 2006.09.02).]
\scratchcounter=\count276
\scratchdimen=\dimen151
\scratchbox=\box55
\nofMPsegments=\count277
\nofMParguments=\count278
\everyMPshowfont=\toks23
\MPscratchCnt=\count279
\MPscratchDim=\dimen152
\MPnumerator=\count280
\makeMPintoPDFobject=\count281
\everyMPtoPDFconversion=\toks24
) (/usr/share/texlive/texmf-dist/tex/latex/epstopdf-pkg/epstopdf-base.sty
Package: epstopdf-base 2020-01-24 v2.11 Base part for package epstopdf
Package epstopdf-base Info: Redefining graphics rule for `.eps' on input line 4
85.

(/usr/share/texlive/texmf-dist/tex/latex/latexconfig/epstopdf-sys.cfg
File: epstopdf-sys.cfg 2010/07/13 v1.3 Configuration of (r)epstopdf for TeX Liv
e
))
Package hyperref Info: Link coloring ON on input line 25.

(./InterfaceS88GleisboxRPiManual.out) (./InterfaceS88GleisboxRPiManual.out)
\@outlinefile=\write4
\openout4 = `InterfaceS88GleisboxRPiManual.out'.

LaTeX Font Info:    External font `cmex10' loaded for size
(Font)              <12> on input line 28.
LaTeX Font Info:    External font `cmex10' loaded for size
(Font)              <8> on input line 28.
LaTeX Font Info:    External font `cmex10' loaded for size
(Font)              <6> on input line 28.

[1

{/var/lib/texmf/fonts/map/pdftex/updmap/pdftex.map}]
(./InterfaceS88GleisboxRPiManual.toc
LaTeX Font Info:    External font `cmex10' loaded for size
(Font)              <7> on input line 3.
LaTeX Font Info:    External font `cmex10' loaded for size
(Font)              <5> on input line 3.
)
\tf@toc=\write5
\openout5 = `InterfaceS88GleisboxRPiManual.toc'.

 [2] (./content/introduction.tex [3

])
[4] (./content/raspberrypisetup.tex
Underfull \hbox (badness 10000) in paragraph at lines 2--3

 []


Underfull \hbox (badness 10000) in paragraph at lines 29--30

 []

[5]) [6] (./content/caninterfacesetup.tex
<./figures/mobilestation2_din10.png, id=120, 453.19313pt x 210.7875pt>
File: ./figures/mobilestation2_din10.png Graphic file (type png)
<use ./figures/mobilestation2_din10.png>
Package pdftex.def Info: ./figures/mobilestation2_din10.png  used on input line
 10.
(pdftex.def)             Requested size: 345.0pt x 160.4639pt.
 [7 <./figures/mobilestation2_din10.png>]
Overfull \hbox (74.99634pt too wide) in paragraph at lines 62--62
[] \OT1/cmtt/m/n/10 unspec 00-00-00-00-00-00-00-00-00-00-00-00-00-00-00-00  txq
ueuelen 10  (UNSPEC)[] 
 []


Underfull \hbox (badness 10000) in paragraph at lines 64--65

 []

[8]
Overfull \hbox (5.7414pt too wide) in paragraph at lines 121--122
[]\OT1/cmr/m/n/10 Now, make sure that can0 starts up au-to-mat-i-cally. Open /e
tc/network/interfaces: 
 []

[9]
Overfull \hbox (85.49625pt too wide) in paragraph at lines 161--161
[] \OT1/cmtt/m/n/10 -d 192.168.0.58 (IP address of the Computer where your Rocr
ail server is running)[] 
 []


Overfull \hbox (484.49277pt too wide) in paragraph at lines 161--161
[] \OT1/cmtt/m/n/10 -m 1 (number of connected S88 modules with 16 signals each)
 - (If you have modules with only 8 signals, using 2 of such in a row will be s
een as one module!)[] 
 []

Excluding 'comment' comment.) [10] (./content/s88ninterfacesetup.tex
Underfull \hbox (badness 10000) in paragraph at lines 51--52

 []

) [11] (./content/rocrailsetup.tex
Overfull \hbox (32.9967pt too wide) in paragraph at lines 10--10
[] \OT1/cmtt/m/n/10 wget https://wiki.rocrail.net/rocrail-snapshot/Rocrail-PiOS
11-ARM64.zip[] 
 []

<./figures/rocrailcontrollersettings/rocrail_controller_mbus_S88n.png, id=148, 
709.14937pt x 426.09187pt>
File: ./figures/rocrailcontrollersettings/rocrail_controller_mbus_S88n.png Grap
hic file (type png)
<use ./figures/rocrailcontrollersettings/rocrail_controller_mbus_S88n.png>
Package pdftex.def Info: ./figures/rocrailcontrollersettings/rocrail_controller
_mbus_S88n.png  used on input line 24.
(pdftex.def)             Requested size: 345.0pt x 207.29796pt.
<./figures/rocrailcontrollersettings/generalcontrollersettings.png, id=149, 752
.8125pt x 414.04688pt>
File: ./figures/rocrailcontrollersettings/generalcontrollersettings.png Graphic
 file (type png)
<use ./figures/rocrailcontrollersettings/generalcontrollersettings.png>
Package pdftex.def Info: ./figures/rocrailcontrollersettings/generalcontrollers
ettings.png  used on input line 31.
(pdftex.def)             Requested size: 345.0pt x 189.75627pt.

LaTeX Warning: `!h' float specifier changed to `!ht'.

<./figures/rocrailcontrollersettings/mbus_settings_tab1.png, id=150, 360.59718p
t x 469.755pt>
File: ./figures/rocrailcontrollersettings/mbus_settings_tab1.png Graphic file (
type png)
<use ./figures/rocrailcontrollersettings/mbus_settings_tab1.png>
Package pdftex.def Info: ./figures/rocrailcontrollersettings/mbus_settings_tab1
.png  used on input line 38.
(pdftex.def)             Requested size: 345.0pt x 449.43292pt.

LaTeX Warning: `!h' float specifier changed to `!ht'.

<./figures/rocrailcontrollersettings/mbus_settings_tab2.png, id=151, 364.36125p
t x 474.27188pt>
File: ./figures/rocrailcontrollersettings/mbus_settings_tab2.png Graphic file (
type png)
<use ./figures/rocrailcontrollersettings/mbus_settings_tab2.png>
Package pdftex.def Info: ./figures/rocrailcontrollersettings/mbus_settings_tab2
.png  used on input line 45.
(pdftex.def)             Requested size: 345.0pt x 449.08665pt.

LaTeX Warning: `!h' float specifier changed to `!ht'.

<./figures/rocrailcontrollersettings/mbus_settings_tab3.png, id=152, 423.08063p
t x 483.30562pt>
File: ./figures/rocrailcontrollersettings/mbus_settings_tab3.png Graphic file (
type png)
<use ./figures/rocrailcontrollersettings/mbus_settings_tab3.png>
Package pdftex.def Info: ./figures/rocrailcontrollersettings/mbus_settings_tab3
.png  used on input line 52.
(pdftex.def)             Requested size: 345.0pt x 394.12291pt.

LaTeX Warning: `!h' float specifier changed to `!ht'.

<./figures/rocrailcontrollersettings/S88N_settings_tab1.png, id=153, 363.60844p
t x 472.76625pt>
File: ./figures/rocrailcontrollersettings/S88N_settings_tab1.png Graphic file (
type png)
<use ./figures/rocrailcontrollersettings/S88N_settings_tab1.png>
Package pdftex.def Info: ./figures/rocrailcontrollersettings/S88N_settings_tab1
.png  used on input line 59.
(pdftex.def)             Requested size: 345.0pt x 448.58435pt.

LaTeX Warning: `!h' float specifier changed to `!ht'.

<./figures/rocrailcontrollersettings/S88N_settings_tab2.png, id=154, 360.59718p
t x 473.51906pt>
File: ./figures/rocrailcontrollersettings/S88N_settings_tab2.png Graphic file (
type png)
<use ./figures/rocrailcontrollersettings/S88N_settings_tab2.png>
Package pdftex.def Info: ./figures/rocrailcontrollersettings/S88N_settings_tab2
.png  used on input line 66.
(pdftex.def)             Requested size: 345.0pt x 453.03412pt.

LaTeX Warning: `!h' float specifier changed to `!ht'.

<./figures/rocrailcontrollersettings/S88N_settings_tab3.png, id=155, 359.84438p
t x 473.51906pt>
File: ./figures/rocrailcontrollersettings/S88N_settings_tab3.png Graphic file (
type png)
<use ./figures/rocrailcontrollersettings/S88N_settings_tab3.png>
Package pdftex.def Info: ./figures/rocrailcontrollersettings/S88N_settings_tab3
.png  used on input line 73.
(pdftex.def)             Requested size: 345.0pt x 454.02399pt.

LaTeX Warning: `!h' float specifier changed to `!ht'.

) [12 <./figures/rocrailcontrollersettings/rocrail_controller_mbus_S88n.png>]
(./content/pcbdescription.tex

pdfTeX warning: /usr/bin/pdflatex (file ./../pcb/InterfaceS88GleisboxRPi/Interf
aceS88GleisboxRPi.pdf): PDF inclusion: found PDF version <1.7>, but at most ver
sion <1.5> allowed
<./../pcb/InterfaceS88GleisboxRPi/InterfaceS88GleisboxRPi.pdf, id=162, 614.295p
t x 794.97pt>
File: ./../pcb/InterfaceS88GleisboxRPi/InterfaceS88GleisboxRPi.pdf Graphic file
 (type pdf)
<use ./../pcb/InterfaceS88GleisboxRPi/InterfaceS88GleisboxRPi.pdf>
Package pdftex.def Info: ./../pcb/InterfaceS88GleisboxRPi/InterfaceS88GleisboxR
Pi.pdf  used on input line 6.
(pdftex.def)             Requested size: 345.0pt x 446.4781pt.

LaTeX Warning: `!h' float specifier changed to `!ht'.

) [13 <./figures/rocrailcontrollersettings/generalcontrollersettings.png>]
[14 <./figures/rocrailcontrollersettings/mbus_settings_tab1.png>] [15 <./figure
s/rocrailcontrollersettings/mbus_settings_tab2.png>] [16 <./figures/rocrailcont
rollersettings/mbus_settings_tab3.png>] [17 <./figures/rocrailcontrollersetting
s/S88N_settings_tab1.png>] [18 <./figures/rocrailcontrollersettings/S88N_settin
gs_tab2.png>] [19 <./figures/rocrailcontrollersettings/S88N_settings_tab3.png>]
[20 <./../pcb/InterfaceS88GleisboxRPi/InterfaceS88GleisboxRPi.pdf>]
(./InterfaceS88GleisboxRPiManual.aux)
 ***********
LaTeX2e <2023-11-01> patch level 1
L3 programming layer <2024-01-22>
 ***********
Package rerunfilecheck Info: File `InterfaceS88GleisboxRPiManual.out' has not c
hanged.
(rerunfilecheck)             Checksum: 0FEB1FD180BA2D153BF31371EEA9FCC6;2356.
 ) 
Here is how much of TeX's memory you used:
 9398 strings out of 476182
 150236 string characters out of 5795594
 1932975 words of memory out of 5000000
 31227 multiletter control sequences out of 15000+600000
 563137 words of font info for 53 fonts, out of 8000000 for 9000
 14 hyphenation exceptions out of 8191
 75i,9n,79p,628b,582s stack positions out of 10000i,1000n,20000p,200000b,200000s
</usr/share/texlive/texmf-dist/fonts/type1/public/amsfonts/cm/cmbx10.pfb></us
r/share/texlive/texmf-dist/fonts/type1/public/amsfonts/cm/cmbx12.pfb></usr/shar
e/texlive/texmf-dist/fonts/type1/public/amsfonts/cm/cmr10.pfb></usr/share/texli
ve/texmf-dist/fonts/type1/public/amsfonts/cm/cmr12.pfb></usr/share/texlive/texm
f-dist/fonts/type1/public/amsfonts/cm/cmr17.pfb></usr/share/texlive/texmf-dist/
fonts/type1/public/amsfonts/cm/cmti10.pfb></usr/share/texlive/texmf-dist/fonts/
type1/public/amsfonts/cm/cmtt10.pfb>
Output written on InterfaceS88GleisboxRPiManual.pdf (20 pages, 728678 bytes).
PDF statistics:
 259 PDF objects out of 1000 (max. 8388607)
 201 compressed objects within 3 object streams
 50 named destinations out of 1000 (max. 500000)
 179 words of extra memory for PDF output out of 10000 (max. 10000000)

